Waiting for software emulator boot...
Waiting for software emulator boot...
Waiting for software emulator boot...
Waiting for software emulator boot...
Waiting for software emulator boot...
Waiting for software emulator boot...
Waiting for software emulator boot...
Waiting for software emulator boot...
Waiting for software emulator boot...
Waiting for software emulator boot...
Waiting for software emulator boot...
Waiting for software emulator boot...
Waiting for software emulator boot...
Waiting for software emulator boot...
Waiting for software emulator boot...
Waiting for software emulator boot...
Traceback (most recent call last):
  File "/tmp/kairos-native-run.py", line 16, in <module>
    else:raise RuntimeError('Emulator boot did not finish within eight minutes')
         ^^^^^^^^^^^^^^^^^^^^^^^^^^^^^^^^^^^^^^^^^^^^^^^^^^^^^^^^^^^^^^^^^^^^^^^
RuntimeError: Emulator boot did not finish within eight minutes
