npm warn Unknown env config "http-proxy". This will stop working in the next major version of npm.

> kairos-money@0.1.0 android:sync
> npm run build && cap sync android

npm warn Unknown env config "http-proxy". This will stop working in the next major version of npm.

> kairos-money@0.1.0 build
> npm run tokens && tsc -b && vite build

npm warn Unknown env config "http-proxy". This will stop working in the next major version of npm.

> kairos-money@0.1.0 tokens
> node scripts/tokens.mjs

vite v6.4.1 building for production...
transforming...
✓ 1766 modules transformed.
rendering chunks...
computing gzip size...
dist/index.html                                              1.32 kB │ gzip:   0.72 kB
dist/assets/inter-vietnamese-wght-normal-CBcvBZtf.woff2     10.25 kB
dist/assets/inter-greek-ext-wght-normal-DlzME5K_.woff2      11.23 kB
dist/assets/inter-cyrillic-wght-normal-DqGufNeO.woff2       18.75 kB
dist/assets/inter-greek-wght-normal-CkhJZR-_.woff2          19.00 kB
dist/assets/inter-cyrillic-ext-wght-normal-BOeWTOD4.woff2   25.96 kB
dist/assets/inter-latin-wght-normal-Dx4kXJAl.woff2          48.26 kB
dist/assets/inter-latin-ext-wght-normal-DO1Apj_S.woff2      85.07 kB
dist/assets/index-1EtmInmo.css                              13.33 kB │ gzip:   3.72 kB
dist/assets/web-C1-7WKwE.js                                  0.67 kB │ gzip:   0.33 kB
dist/assets/web-BDoPt2va.js                                  9.63 kB │ gzip:   1.34 kB
dist/assets/index-BIYoVWC5.js                              329.02 kB │ gzip: 100.09 kB
✓ built in 9.42s
✔ Copying web assets from dist to android/app/src/main/assets/public in 33.27ms
✔ Creating capacitor.config.json in android/app/src/main/assets in 1.67ms
✔ copy android in 144.09ms
✔ Updating Android plugins in 22.61ms
[info] Found 3 Capacitor plugins for android:
       @capacitor/app@6.0.2
       @capacitor/filesystem@6.0.3
       @capacitor-community/sqlite@6.0.2
✔ update android in 413.31ms
[info] Sync finished in 0.693s
