To honour the JVM settings for this build a single-use Daemon process will be forked. For more on this, please refer to https://docs.gradle.org/8.2.1/userguide/gradle_daemon.html#sec:disabling_the_daemon in the Gradle documentation.
Daemon will be stopped at the end of the build

> Configure project :app
WARNING: Using flatDir should be avoided because it doesn't support any meta-data formats.

> Configure project :capacitor-cordova-android-plugins
WARNING: Using flatDir should be avoided because it doesn't support any meta-data formats.

> Task :app:preBuild UP-TO-DATE
> Task :app:preDebugBuild UP-TO-DATE
> Task :app:mergeDebugNativeDebugMetadata NO-SOURCE
> Task :app:javaPreCompileDebug UP-TO-DATE
> Task :capacitor-android:preBuild UP-TO-DATE
> Task :capacitor-android:preDebugBuild UP-TO-DATE
> Task :capacitor-android:writeDebugAarMetadata UP-TO-DATE
> Task :capacitor-app:preBuild UP-TO-DATE
> Task :capacitor-app:preDebugBuild UP-TO-DATE
> Task :capacitor-app:writeDebugAarMetadata UP-TO-DATE
> Task :capacitor-community-sqlite:preBuild UP-TO-DATE
> Task :capacitor-community-sqlite:preDebugBuild UP-TO-DATE
> Task :capacitor-community-sqlite:writeDebugAarMetadata UP-TO-DATE
> Task :capacitor-cordova-android-plugins:preBuild UP-TO-DATE
> Task :capacitor-cordova-android-plugins:preDebugBuild UP-TO-DATE
> Task :capacitor-cordova-android-plugins:writeDebugAarMetadata UP-TO-DATE
> Task :capacitor-filesystem:preBuild UP-TO-DATE
> Task :capacitor-filesystem:preDebugBuild UP-TO-DATE
> Task :capacitor-filesystem:writeDebugAarMetadata UP-TO-DATE
> Task :app:checkDebugAarMetadata UP-TO-DATE
> Task :app:generateDebugResValues UP-TO-DATE
> Task :capacitor-android:generateDebugResValues UP-TO-DATE
> Task :capacitor-android:generateDebugResources UP-TO-DATE
> Task :capacitor-android:packageDebugResources UP-TO-DATE
> Task :capacitor-app:generateDebugResValues UP-TO-DATE
> Task :capacitor-app:generateDebugResources UP-TO-DATE
> Task :capacitor-app:packageDebugResources UP-TO-DATE
> Task :capacitor-community-sqlite:generateDebugResValues UP-TO-DATE
> Task :capacitor-community-sqlite:generateDebugResources UP-TO-DATE
> Task :capacitor-community-sqlite:packageDebugResources UP-TO-DATE
> Task :capacitor-cordova-android-plugins:generateDebugResValues UP-TO-DATE
> Task :capacitor-cordova-android-plugins:generateDebugResources UP-TO-DATE
> Task :capacitor-cordova-android-plugins:packageDebugResources UP-TO-DATE
> Task :capacitor-filesystem:generateDebugResValues UP-TO-DATE
> Task :capacitor-filesystem:generateDebugResources UP-TO-DATE
> Task :capacitor-filesystem:packageDebugResources UP-TO-DATE
> Task :app:mapDebugSourceSetPaths
> Task :app:generateDebugResources UP-TO-DATE
> Task :app:packageDebugResources
> Task :app:createDebugCompatibleScreenManifests UP-TO-DATE
> Task :app:extractDeepLinksDebug UP-TO-DATE
> Task :capacitor-android:extractDeepLinksDebug UP-TO-DATE
> Task :capacitor-android:processDebugManifest UP-TO-DATE
> Task :capacitor-app:extractDeepLinksDebug UP-TO-DATE
> Task :capacitor-app:processDebugManifest UP-TO-DATE
> Task :capacitor-community-sqlite:extractDeepLinksDebug UP-TO-DATE
> Task :capacitor-community-sqlite:processDebugManifest UP-TO-DATE
> Task :capacitor-cordova-android-plugins:extractDeepLinksDebug UP-TO-DATE
> Task :app:mergeDebugResources
> Task :capacitor-cordova-android-plugins:processDebugManifest UP-TO-DATE
> Task :capacitor-filesystem:extractDeepLinksDebug UP-TO-DATE
> Task :capacitor-filesystem:processDebugManifest UP-TO-DATE
> Task :app:parseDebugLocalResources
> Task :app:processDebugMainManifest UP-TO-DATE
> Task :app:processDebugManifest UP-TO-DATE
> Task :app:processDebugManifestForPackage UP-TO-DATE
> Task :capacitor-android:compileDebugLibraryResources UP-TO-DATE
> Task :capacitor-android:parseDebugLocalResources UP-TO-DATE
> Task :capacitor-android:generateDebugRFile UP-TO-DATE
> Task :capacitor-app:compileDebugLibraryResources UP-TO-DATE
> Task :capacitor-app:parseDebugLocalResources UP-TO-DATE
> Task :capacitor-app:generateDebugRFile UP-TO-DATE
> Task :capacitor-community-sqlite:compileDebugLibraryResources UP-TO-DATE
> Task :capacitor-community-sqlite:parseDebugLocalResources UP-TO-DATE
> Task :capacitor-community-sqlite:generateDebugRFile UP-TO-DATE
> Task :capacitor-cordova-android-plugins:compileDebugLibraryResources UP-TO-DATE
> Task :capacitor-cordova-android-plugins:parseDebugLocalResources UP-TO-DATE
> Task :capacitor-cordova-android-plugins:generateDebugRFile UP-TO-DATE
> Task :capacitor-filesystem:compileDebugLibraryResources UP-TO-DATE
> Task :capacitor-filesystem:parseDebugLocalResources UP-TO-DATE
> Task :capacitor-filesystem:generateDebugRFile UP-TO-DATE
> Task :capacitor-android:javaPreCompileDebug UP-TO-DATE
> Task :capacitor-android:compileDebugJavaWithJavac UP-TO-DATE
> Task :capacitor-android:bundleLibCompileToJarDebug UP-TO-DATE
> Task :capacitor-app:javaPreCompileDebug UP-TO-DATE
> Task :capacitor-app:compileDebugJavaWithJavac UP-TO-DATE
> Task :capacitor-app:bundleLibCompileToJarDebug UP-TO-DATE
> Task :capacitor-community-sqlite:javaPreCompileDebug UP-TO-DATE
> Task :capacitor-community-sqlite:compileDebugJavaWithJavac UP-TO-DATE
> Task :capacitor-community-sqlite:bundleLibCompileToJarDebug UP-TO-DATE
> Task :capacitor-cordova-android-plugins:javaPreCompileDebug UP-TO-DATE
> Task :capacitor-cordova-android-plugins:compileDebugJavaWithJavac NO-SOURCE
> Task :capacitor-cordova-android-plugins:bundleLibCompileToJarDebug UP-TO-DATE
> Task :capacitor-filesystem:javaPreCompileDebug UP-TO-DATE
> Task :capacitor-filesystem:compileDebugJavaWithJavac UP-TO-DATE
> Task :capacitor-filesystem:bundleLibCompileToJarDebug UP-TO-DATE
> Task :app:mergeDebugShaders UP-TO-DATE
> Task :app:compileDebugShaders NO-SOURCE
> Task :app:generateDebugAssets UP-TO-DATE
> Task :capacitor-android:mergeDebugShaders UP-TO-DATE
> Task :capacitor-android:compileDebugShaders NO-SOURCE
> Task :capacitor-android:generateDebugAssets UP-TO-DATE
> Task :capacitor-android:packageDebugAssets UP-TO-DATE
> Task :capacitor-app:mergeDebugShaders UP-TO-DATE
> Task :capacitor-app:compileDebugShaders NO-SOURCE
> Task :capacitor-app:generateDebugAssets UP-TO-DATE
> Task :capacitor-app:packageDebugAssets UP-TO-DATE
> Task :capacitor-community-sqlite:mergeDebugShaders UP-TO-DATE
> Task :capacitor-community-sqlite:compileDebugShaders NO-SOURCE
> Task :capacitor-community-sqlite:generateDebugAssets UP-TO-DATE
> Task :capacitor-community-sqlite:packageDebugAssets UP-TO-DATE
> Task :capacitor-cordova-android-plugins:mergeDebugShaders UP-TO-DATE
> Task :capacitor-cordova-android-plugins:compileDebugShaders NO-SOURCE
> Task :capacitor-cordova-android-plugins:generateDebugAssets UP-TO-DATE
> Task :capacitor-cordova-android-plugins:packageDebugAssets UP-TO-DATE
> Task :capacitor-filesystem:mergeDebugShaders UP-TO-DATE
> Task :capacitor-filesystem:compileDebugShaders NO-SOURCE
> Task :capacitor-filesystem:generateDebugAssets UP-TO-DATE
> Task :capacitor-filesystem:packageDebugAssets UP-TO-DATE
> Task :app:mergeDebugAssets UP-TO-DATE
> Task :app:compressDebugAssets UP-TO-DATE
> Task :capacitor-app:bundleLibRuntimeToJarDebug UP-TO-DATE
> Task :capacitor-filesystem:bundleLibRuntimeToJarDebug UP-TO-DATE
> Task :capacitor-community-sqlite:bundleLibRuntimeToJarDebug UP-TO-DATE
> Task :capacitor-android:bundleLibRuntimeToJarDebug UP-TO-DATE
> Task :capacitor-cordova-android-plugins:bundleLibRuntimeToJarDebug UP-TO-DATE
> Task :app:desugarDebugFileDependencies UP-TO-DATE
> Task :app:processDebugJavaRes NO-SOURCE
> Task :capacitor-android:processDebugJavaRes NO-SOURCE
> Task :capacitor-app:processDebugJavaRes NO-SOURCE
> Task :capacitor-community-sqlite:processDebugJavaRes UP-TO-DATE
> Task :capacitor-cordova-android-plugins:processDebugJavaRes NO-SOURCE
> Task :capacitor-filesystem:processDebugJavaRes NO-SOURCE
> Task :app:mergeDebugJavaResource UP-TO-DATE
> Task :app:checkDebugDuplicateClasses UP-TO-DATE
> Task :app:mergeExtDexDebug UP-TO-DATE
> Task :capacitor-app:bundleLibRuntimeToDirDebug UP-TO-DATE
> Task :capacitor-filesystem:bundleLibRuntimeToDirDebug UP-TO-DATE
> Task :capacitor-community-sqlite:bundleLibRuntimeToDirDebug UP-TO-DATE
> Task :capacitor-android:bundleLibRuntimeToDirDebug UP-TO-DATE
> Task :capacitor-cordova-android-plugins:bundleLibRuntimeToDirDebug UP-TO-DATE
> Task :app:mergeDebugJniLibFolders UP-TO-DATE
> Task :capacitor-android:mergeDebugJniLibFolders UP-TO-DATE
> Task :capacitor-android:mergeDebugNativeLibs NO-SOURCE
> Task :capacitor-android:copyDebugJniLibsProjectOnly UP-TO-DATE
> Task :capacitor-app:mergeDebugJniLibFolders UP-TO-DATE
> Task :capacitor-app:mergeDebugNativeLibs NO-SOURCE
> Task :capacitor-app:copyDebugJniLibsProjectOnly UP-TO-DATE
> Task :capacitor-community-sqlite:mergeDebugJniLibFolders UP-TO-DATE
> Task :app:mergeLibDexDebug UP-TO-DATE
> Task :capacitor-community-sqlite:mergeDebugNativeLibs NO-SOURCE
> Task :capacitor-community-sqlite:copyDebugJniLibsProjectOnly UP-TO-DATE
> Task :capacitor-cordova-android-plugins:mergeDebugJniLibFolders UP-TO-DATE
> Task :capacitor-cordova-android-plugins:mergeDebugNativeLibs NO-SOURCE
> Task :capacitor-cordova-android-plugins:copyDebugJniLibsProjectOnly UP-TO-DATE
> Task :capacitor-filesystem:mergeDebugJniLibFolders UP-TO-DATE
> Task :capacitor-filesystem:mergeDebugNativeLibs NO-SOURCE
> Task :capacitor-filesystem:copyDebugJniLibsProjectOnly UP-TO-DATE
> Task :app:mergeDebugNativeLibs UP-TO-DATE
> Task :app:stripDebugDebugSymbols UP-TO-DATE
> Task :app:validateSigningDebug UP-TO-DATE
> Task :app:writeDebugAppMetadata UP-TO-DATE
> Task :app:writeDebugSigningConfigVersions UP-TO-DATE
> Task :app:preDebugAndroidTestBuild SKIPPED
> Task :app:javaPreCompileDebugAndroidTest UP-TO-DATE
> Task :app:checkDebugAndroidTestAarMetadata UP-TO-DATE
> Task :app:generateDebugAndroidTestResValues UP-TO-DATE
> Task :app:mapDebugAndroidTestSourceSetPaths UP-TO-DATE
> Task :app:generateDebugAndroidTestResources UP-TO-DATE
> Task :app:mergeDebugAndroidTestResources UP-TO-DATE
> Task :app:processDebugAndroidTestManifest UP-TO-DATE
> Task :app:processDebugAndroidTestResources UP-TO-DATE
> Task :app:mergeDebugAndroidTestShaders UP-TO-DATE
> Task :app:compileDebugAndroidTestShaders NO-SOURCE
> Task :app:generateDebugAndroidTestAssets UP-TO-DATE
> Task :app:mergeDebugAndroidTestAssets UP-TO-DATE
> Task :app:compressDebugAndroidTestAssets UP-TO-DATE
> Task :app:desugarDebugAndroidTestFileDependencies UP-TO-DATE
> Task :app:processDebugAndroidTestJavaRes NO-SOURCE
> Task :app:mergeDebugAndroidTestJavaResource UP-TO-DATE
> Task :app:checkDebugAndroidTestDuplicateClasses UP-TO-DATE
> Task :app:mergeExtDexDebugAndroidTest UP-TO-DATE
> Task :app:mergeLibDexDebugAndroidTest UP-TO-DATE
> Task :app:mergeDebugAndroidTestJniLibFolders UP-TO-DATE
> Task :app:mergeDebugAndroidTestNativeLibs NO-SOURCE
> Task :app:stripDebugAndroidTestDebugSymbols NO-SOURCE
> Task :app:validateSigningDebugAndroidTest UP-TO-DATE
> Task :app:writeDebugAndroidTestSigningConfigVersions UP-TO-DATE
> Task :capacitor-app:stripDebugDebugSymbols NO-SOURCE
> Task :capacitor-app:copyDebugJniLibsProjectAndLocalJars UP-TO-DATE
> Task :capacitor-app:extractDebugAnnotations UP-TO-DATE
> Task :capacitor-app:extractDeepLinksForAarDebug UP-TO-DATE
> Task :capacitor-app:mergeDebugGeneratedProguardFiles UP-TO-DATE
> Task :capacitor-app:mergeDebugConsumerProguardFiles UP-TO-DATE
> Task :capacitor-app:prepareDebugArtProfile UP-TO-DATE
> Task :capacitor-app:prepareLintJarForPublish UP-TO-DATE
> Task :capacitor-app:mergeDebugJavaResource UP-TO-DATE
> Task :capacitor-app:syncDebugLibJars UP-TO-DATE
> Task :capacitor-app:bundleDebugLocalLintAar UP-TO-DATE
> Task :capacitor-filesystem:stripDebugDebugSymbols NO-SOURCE
> Task :capacitor-filesystem:copyDebugJniLibsProjectAndLocalJars UP-TO-DATE
> Task :capacitor-filesystem:extractDebugAnnotations UP-TO-DATE
> Task :capacitor-filesystem:extractDeepLinksForAarDebug UP-TO-DATE
> Task :capacitor-filesystem:mergeDebugGeneratedProguardFiles UP-TO-DATE
> Task :capacitor-filesystem:mergeDebugConsumerProguardFiles UP-TO-DATE
> Task :capacitor-filesystem:prepareDebugArtProfile UP-TO-DATE
> Task :capacitor-filesystem:prepareLintJarForPublish UP-TO-DATE
> Task :capacitor-filesystem:mergeDebugJavaResource UP-TO-DATE
> Task :capacitor-filesystem:syncDebugLibJars UP-TO-DATE
> Task :capacitor-filesystem:bundleDebugLocalLintAar UP-TO-DATE
> Task :capacitor-community-sqlite:stripDebugDebugSymbols NO-SOURCE
> Task :capacitor-community-sqlite:copyDebugJniLibsProjectAndLocalJars UP-TO-DATE
> Task :capacitor-community-sqlite:extractDebugAnnotations UP-TO-DATE
> Task :capacitor-community-sqlite:extractDeepLinksForAarDebug UP-TO-DATE
> Task :capacitor-community-sqlite:mergeDebugGeneratedProguardFiles UP-TO-DATE
> Task :capacitor-community-sqlite:mergeDebugConsumerProguardFiles UP-TO-DATE
> Task :capacitor-community-sqlite:prepareDebugArtProfile UP-TO-DATE
> Task :capacitor-community-sqlite:prepareLintJarForPublish UP-TO-DATE
> Task :capacitor-community-sqlite:mergeDebugJavaResource UP-TO-DATE
> Task :capacitor-community-sqlite:syncDebugLibJars UP-TO-DATE
> Task :capacitor-community-sqlite:bundleDebugLocalLintAar UP-TO-DATE
> Task :capacitor-android:stripDebugDebugSymbols NO-SOURCE
> Task :capacitor-android:copyDebugJniLibsProjectAndLocalJars UP-TO-DATE
> Task :capacitor-android:extractDebugAnnotations UP-TO-DATE
> Task :capacitor-android:extractDeepLinksForAarDebug UP-TO-DATE
> Task :capacitor-android:mergeDebugGeneratedProguardFiles UP-TO-DATE
> Task :capacitor-android:mergeDebugConsumerProguardFiles UP-TO-DATE
> Task :capacitor-android:prepareDebugArtProfile UP-TO-DATE
> Task :capacitor-android:prepareLintJarForPublish UP-TO-DATE
> Task :capacitor-android:mergeDebugJavaResource UP-TO-DATE
> Task :capacitor-android:syncDebugLibJars UP-TO-DATE
> Task :capacitor-android:bundleDebugLocalLintAar UP-TO-DATE
> Task :capacitor-cordova-android-plugins:stripDebugDebugSymbols NO-SOURCE
> Task :capacitor-cordova-android-plugins:copyDebugJniLibsProjectAndLocalJars UP-TO-DATE
> Task :app:processDebugResources
> Task :capacitor-cordova-android-plugins:extractDebugAnnotations UP-TO-DATE
> Task :app:compileDebugJavaWithJavac UP-TO-DATE
> Task :app:dexBuilderDebug UP-TO-DATE
> Task :app:mergeDebugGlobalSynthetics UP-TO-DATE
> Task :app:mergeProjectDexDebug UP-TO-DATE
> Task :app:bundleDebugClassesToCompileJar UP-TO-DATE
> Task :app:compileDebugAndroidTestJavaWithJavac UP-TO-DATE
> Task :app:dexBuilderDebugAndroidTest UP-TO-DATE
> Task :app:mergeDebugAndroidTestGlobalSynthetics UP-TO-DATE
> Task :app:mergeProjectDexDebugAndroidTest UP-TO-DATE
> Task :app:packageDebugAndroidTest UP-TO-DATE
> Task :app:createDebugAndroidTestApkListingFileRedirect UP-TO-DATE
> Task :app:assembleDebugAndroidTest UP-TO-DATE
> Task :capacitor-cordova-android-plugins:extractDeepLinksForAarDebug UP-TO-DATE
> Task :capacitor-cordova-android-plugins:mergeDebugGeneratedProguardFiles UP-TO-DATE
> Task :capacitor-cordova-android-plugins:mergeDebugConsumerProguardFiles UP-TO-DATE
> Task :capacitor-cordova-android-plugins:prepareDebugArtProfile UP-TO-DATE
> Task :capacitor-cordova-android-plugins:prepareLintJarForPublish UP-TO-DATE
> Task :capacitor-cordova-android-plugins:mergeDebugJavaResource UP-TO-DATE
> Task :capacitor-cordova-android-plugins:syncDebugLibJars UP-TO-DATE
> Task :capacitor-cordova-android-plugins:bundleDebugLocalLintAar UP-TO-DATE
> Task :app:extractProguardFiles UP-TO-DATE
> Task :capacitor-android:createFullJarDebug UP-TO-DATE
> Task :capacitor-android:extractProguardFiles UP-TO-DATE
> Task :capacitor-android:preDebugAndroidTestBuild UP-TO-DATE
> Task :capacitor-android:generateDebugAndroidTestResValues UP-TO-DATE
> Task :capacitor-android:writeDebugLintModelMetadata UP-TO-DATE
> Task :capacitor-android:generateDebugLintModel UP-TO-DATE
> Task :capacitor-app:createFullJarDebug UP-TO-DATE
> Task :capacitor-app:extractProguardFiles UP-TO-DATE
> Task :capacitor-app:preDebugAndroidTestBuild UP-TO-DATE
> Task :capacitor-app:generateDebugAndroidTestResValues UP-TO-DATE
> Task :capacitor-app:writeDebugLintModelMetadata UP-TO-DATE
> Task :capacitor-app:generateDebugLintModel UP-TO-DATE
> Task :capacitor-community-sqlite:createFullJarDebug UP-TO-DATE
> Task :app:packageDebug
> Task :app:createDebugApkListingFileRedirect UP-TO-DATE
> Task :app:assembleDebug
> Task :capacitor-community-sqlite:extractProguardFiles UP-TO-DATE
> Task :capacitor-community-sqlite:preDebugAndroidTestBuild UP-TO-DATE
> Task :capacitor-community-sqlite:generateDebugAndroidTestResValues UP-TO-DATE
> Task :capacitor-community-sqlite:writeDebugLintModelMetadata UP-TO-DATE
> Task :capacitor-community-sqlite:generateDebugLintModel UP-TO-DATE
> Task :capacitor-cordova-android-plugins:createFullJarDebug UP-TO-DATE
> Task :capacitor-cordova-android-plugins:extractProguardFiles UP-TO-DATE
> Task :capacitor-cordova-android-plugins:preDebugAndroidTestBuild UP-TO-DATE
> Task :capacitor-cordova-android-plugins:generateDebugAndroidTestResValues UP-TO-DATE
> Task :capacitor-cordova-android-plugins:writeDebugLintModelMetadata UP-TO-DATE
> Task :capacitor-cordova-android-plugins:generateDebugLintModel UP-TO-DATE
> Task :capacitor-filesystem:createFullJarDebug UP-TO-DATE
> Task :capacitor-filesystem:extractProguardFiles UP-TO-DATE
> Task :capacitor-filesystem:preDebugAndroidTestBuild UP-TO-DATE
> Task :capacitor-filesystem:generateDebugAndroidTestResValues UP-TO-DATE
> Task :capacitor-filesystem:writeDebugLintModelMetadata UP-TO-DATE
> Task :capacitor-filesystem:generateDebugLintModel UP-TO-DATE
> Task :app:generateDebugLintReportModel
> Task :capacitor-android:lintAnalyzeDebug UP-TO-DATE
> Task :capacitor-app:lintAnalyzeDebug UP-TO-DATE
> Task :capacitor-community-sqlite:lintAnalyzeDebug UP-TO-DATE
> Task :capacitor-cordova-android-plugins:lintAnalyzeDebug UP-TO-DATE
> Task :capacitor-filesystem:lintAnalyzeDebug UP-TO-DATE
> Task :app:lintAnalyzeDebug

> Task :app:lintReportDebug
Wrote HTML report to file:///workspace/scratch/22d62a067771/kairos-money/android/app/build/reports/lint-results-debug.html

> Task :app:lintDebug

BUILD SUCCESSFUL in 1m 15s
228 actionable tasks: 10 executed, 218 up-to-date
