npm warn Unknown env config "http-proxy". This will stop working in the next major version of npm.

> kairos-money@0.1.0 check
> npm run lint && npm run test && npm run build && npm run schema

npm warn Unknown env config "http-proxy". This will stop working in the next major version of npm.

> kairos-money@0.1.0 lint
> eslint src tests scripts eslint.config.mjs

npm warn Unknown env config "http-proxy". This will stop working in the next major version of npm.

> kairos-money@0.1.0 test
> vitest run


 RUN  v3.2.4 /workspace/scratch/22d62a067771/kairos-money

 ✓ tests/money.test.ts (7 tests) 1835ms
   ✓ Exact money > conserves every cent across 10,000 random operation sequences  1752ms
 ✓ tests/database.test.ts (5 tests) 146ms
 ✓ tests/privacy.test.ts (3 tests) 139ms
 ✓ tests/ui.test.tsx (4 tests) 3739ms
   ✓ Foundation interactions using real SQLite and simulated native boundary > sets up, adds an account, changes both themes, exports, and confirms deletion  2550ms
   ✓ Foundation interactions using real SQLite and simulated native boundary > locks on demand, clears financial UI, rejects wrong PIN, and resumes the ledger  309ms
   ✓ Foundation interactions using real SQLite and simulated native boundary > filters Quick actions and navigates without a dead import action  322ms
   ✓ Foundation interactions using real SQLite and simulated native boundary > renders every kitchen sink primitive and opens its sheet in both themes  555ms

 Test Files  4 passed (4)
      Tests  19 passed (19)
   Start at  02:13:59
   Duration  11.82s (transform 1.89s, setup 0ms, collect 11.39s, tests 5.86s, environment 1.65s, prepare 1.70s)

npm warn Unknown env config "http-proxy". This will stop working in the next major version of npm.

> kairos-money@0.1.0 build
> npm run tokens && tsc -b && vite build

npm warn Unknown env config "http-proxy". This will stop working in the next major version of npm.

> kairos-money@0.1.0 tokens
> node scripts/tokens.mjs

vite v6.4.1 building for production...
transforming...
✓ 1766 modules transformed.
rendering chunks...
computing gzip size...
dist/index.html                                              1.32 kB │ gzip:   0.72 kB
dist/assets/inter-vietnamese-wght-normal-CBcvBZtf.woff2     10.25 kB
dist/assets/inter-greek-ext-wght-normal-DlzME5K_.woff2      11.23 kB
dist/assets/inter-cyrillic-wght-normal-DqGufNeO.woff2       18.75 kB
dist/assets/inter-greek-wght-normal-CkhJZR-_.woff2          19.00 kB
dist/assets/inter-cyrillic-ext-wght-normal-BOeWTOD4.woff2   25.96 kB
dist/assets/inter-latin-wght-normal-Dx4kXJAl.woff2          48.26 kB
dist/assets/inter-latin-ext-wght-normal-DO1Apj_S.woff2      85.07 kB
dist/assets/index-1EtmInmo.css                              13.33 kB │ gzip:   3.72 kB
dist/assets/web-C1-7WKwE.js                                  0.67 kB │ gzip:   0.33 kB
dist/assets/web-BDoPt2va.js                                  9.63 kB │ gzip:   1.34 kB
dist/assets/index-BIYoVWC5.js                              329.02 kB │ gzip: 100.09 kB
✓ built in 8.21s
npm warn Unknown env config "http-proxy". This will stop working in the next major version of npm.

> kairos-money@0.1.0 schema
> node scripts/schema-doc.mjs
